----------------------------------------------------------------------
* Platform Surveillance System *
Log Creation Time : 2026-07-30_19-57-31
----------------------------------------------------------------------

* CPU INFORMATION *
----------------------------------------------------------------------
Number of Active CPU Cores : 4
CPU Usage : 25.00 %
----------------------------------------------------------------------

* RAM INFORMATION *
----------------------------------------------------------------------
RAM Usage : 60.5 %
Total RAM Available : 8475541504
----------------------------------------------------------------------

* DISK INFORMATION *
----------------------------------------------------------------------
Disk Usage : 81.7 %
Total Disk : 119066849280
----------------------------------------------------------------------

* NETWORK INFORMATION *
----------------------------------------------------------------------
Sent : 0.00 MB
Receive : 0.00 MB
----------------------------------------------------------------------

* RUNNING PROCESS INFORMATION *
----------------------------------------------------------------------
PID : 0
Process Name : System Idle Process
User Name : NT AUTHORITY\SYSTEM
Status : running
Process Start Time : 01-01-1970 05:30:00
CPU Usage : 0.00 %
Memory Usage : 0.00 %
----------------------------------------------------------------------
PID : 4
Process Name : System
User Name : NT AUTHORITY\SYSTEM
Status : running
Process Start Time : 25-07-2026 23:38:32
CPU Usage : 0.00 %
Memory Usage : 0.11 %
----------------------------------------------------------------------
PID : 32
Process Name : SearchApp.exe
User Name : DESKTOP-FIK5SPH\Administrator
Status : stopped
Process Start Time : 30-07-2026 16:36:04
CPU Usage : 0.00 %
Memory Usage : 2.88 %
----------------------------------------------------------------------
PID : 100
Process Name : Registry
User Name : NT AUTHORITY\SYSTEM
Status : running
Process Start Time : 25-07-2026 23:38:26
CPU Usage : 0.00 %
Memory Usage : 0.45 %
----------------------------------------------------------------------
PID : 468
Process Name : smss.exe
User Name : NT AUTHORITY\SYSTEM
Status : running
Process Start Time : 25-07-2026 23:38:32
CPU Usage : 0.00 %
Memory Usage : 0.01 %
----------------------------------------------------------------------
PID : 568
Process Name : svchost.exe
User Name : NT AUTHORITY\NETWORK SERVICE
Status : running
Process Start Time : 25-07-2026 23:38:57
CPU Usage : 0.00 %
Memory Usage : 0.23 %
----------------------------------------------------------------------
PID : 692
Process Name : csrss.exe
User Name : NT AUTHORITY\SYSTEM
Status : running
Process Start Time : 25-07-2026 23:38:56
CPU Usage : 0.00 %
Memory Usage : 0.08 %
----------------------------------------------------------------------
PID : 780
Process Name : wininit.exe
User Name : NT AUTHORITY\SYSTEM
Status : running
Process Start Time : 25-07-2026 23:38:56
CPU Usage : 0.00 %
Memory Usage : 0.08 %
----------------------------------------------------------------------
PID : 808
Process Name : svchost.exe
User Name : NT AUTHORITY\LOCAL SERVICE
Status : running
Process Start Time : 25-07-2026 23:39:27
CPU Usage : 0.00 %
Memory Usage : 0.09 %
----------------------------------------------------------------------
PID : 852
Process Name : services.exe
User Name : NT AUTHORITY\SYSTEM
Status : running
Process Start Time : 25-07-2026 23:38:56
CPU Usage : 0.00 %
Memory Usage : 0.13 %
----------------------------------------------------------------------
PID : 860
Process Name : lsass.exe
User Name : NT AUTHORITY\SYSTEM
Status : running
Process Start Time : 25-07-2026 23:38:56
CPU Usage : 0.00 %
Memory Usage : 0.31 %
----------------------------------------------------------------------
PID : 984
Process Name : svchost.exe
User Name : NT AUTHORITY\SYSTEM
Status : running
Process Start Time : 25-07-2026 23:38:57
CPU Usage : 0.00 %
Memory Usage : 0.51 %
----------------------------------------------------------------------
PID : 1016
Process Name : fontdrvhost.exe
User Name : Font Driver Host\UMFD-0
Status : running
Process Start Time : 25-07-2026 23:38:57
CPU Usage : 0.00 %
Memory Usage : 0.04 %
----------------------------------------------------------------------
PID : 1052
Process Name : svchost.exe
User Name : NT AUTHORITY\SYSTEM
Status : running
Process Start Time : 25-07-2026 23:38:57
CPU Usage : 0.00 %
Memory Usage : 0.13 %
----------------------------------------------------------------------
PID : 1164
Process Name : conhost.exe
User Name : NT AUTHORITY\SYSTEM
Status : running
Process Start Time : 30-07-2026 17:29:20
CPU Usage : 0.00 %
Memory Usage : 0.07 %
----------------------------------------------------------------------
PID : 1180
Process Name : svchost.exe
User Name : NT AUTHORITY\SYSTEM
Status : running
Process Start Time : 25-07-2026 23:38:57
CPU Usage : 0.00 %
Memory Usage : 0.13 %
----------------------------------------------------------------------
PID : 1212
Process Name : svchost.exe
User Name : NT AUTHORITY\SYSTEM
Status : running
Process Start Time : 25-07-2026 23:38:58
CPU Usage : 0.00 %
Memory Usage : 0.17 %
----------------------------------------------------------------------
PID : 1292
Process Name : IntelCpHDCPSvc.exe
User Name : NT AUTHORITY\SYSTEM
Status : running
Process Start Time : 25-07-2026 23:38:58
CPU Usage : 0.00 %
Memory Usage : 0.08 %
----------------------------------------------------------------------
PID : 1328
Process Name : svchost.exe
User Name : NT AUTHORITY\SYSTEM
Status : running
Process Start Time : 25-07-2026 23:38:58
CPU Usage : 0.00 %
Memory Usage : 0.11 %
----------------------------------------------------------------------
PID : 1516
Process Name : svchost.exe
User Name : NT AUTHORITY\LOCAL SERVICE
Status : running
Process Start Time : 25-07-2026 23:41:26
CPU Usage : 0.00 %
Memory Usage : 0.21 %
----------------------------------------------------------------------
PID : 1536
Process Name : IntelCpHeciSvc.exe
User Name : NT AUTHORITY\SYSTEM
Status : running
Process Start Time : 25-07-2026 23:38:58
CPU Usage : 0.00 %
Memory Usage : 0.08 %
----------------------------------------------------------------------
PID : 1568
Process Name : svchost.exe
User Name : NT AUTHORITY\SYSTEM
Status : running
Process Start Time : 25-07-2026 23:38:58
CPU Usage : 0.00 %
Memory Usage : 0.18 %
----------------------------------------------------------------------
PID : 1592
Process Name : svchost.exe
User Name : NT AUTHORITY\SYSTEM
Status : running
Process Start Time : 25-07-2026 23:38:58
CPU Usage : 0.00 %
Memory Usage : 0.20 %
----------------------------------------------------------------------
PID : 1628
Process Name : svchost.exe
User Name : NT AUTHORITY\LOCAL SERVICE
Status : running
Process Start Time : 25-07-2026 23:38:58
CPU Usage : 0.00 %
Memory Usage : 0.14 %
----------------------------------------------------------------------
PID : 1652
Process Name : svchost.exe
User Name : NT AUTHORITY\LOCAL SERVICE
Status : running
Process Start Time : 25-07-2026 23:38:58
CPU Usage : 0.00 %
Memory Usage : 0.21 %
----------------------------------------------------------------------
PID : 1712
Process Name : svchost.exe
User Name : NT AUTHORITY\SYSTEM
Status : running
Process Start Time : 25-07-2026 23:41:17
CPU Usage : 0.00 %
Memory Usage : 0.09 %
----------------------------------------------------------------------
PID : 1752
Process Name : svchost.exe
User Name : NT AUTHORITY\SYSTEM
Status : running
Process Start Time : 25-07-2026 23:38:58
CPU Usage : 0.00 %
Memory Usage : 0.13 %
----------------------------------------------------------------------
PID : 1916
Process Name : svchost.exe
User Name : NT AUTHORITY\LOCAL SERVICE
Status : running
Process Start Time : 25-07-2026 23:38:58
CPU Usage : 0.00 %
Memory Usage : 0.09 %
----------------------------------------------------------------------
PID : 1932
Process Name : svchost.exe
User Name : NT AUTHORITY\SYSTEM
Status : running
Process Start Time : 25-07-2026 23:38:58
CPU Usage : 0.00 %
Memory Usage : 0.16 %
----------------------------------------------------------------------
PID : 1956
Process Name : svchost.exe
User Name : NT AUTHORITY\SYSTEM
Status : running
Process Start Time : 25-07-2026 23:38:58
CPU Usage : 0.00 %
Memory Usage : 0.07 %
----------------------------------------------------------------------
PID : 1976
Process Name : svchost.exe
User Name : NT AUTHORITY\LOCAL SERVICE
Status : running
Process Start Time : 25-07-2026 23:38:58
CPU Usage : 0.00 %
Memory Usage : 0.11 %
----------------------------------------------------------------------
PID : 2020
Process Name : svchost.exe
User Name : NT AUTHORITY\LOCAL SERVICE
Status : running
Process Start Time : 25-07-2026 23:38:58
CPU Usage : 0.00 %
Memory Usage : 0.07 %
----------------------------------------------------------------------
PID : 2076
Process Name : svchost.exe
User Name : NT AUTHORITY\LOCAL SERVICE
Status : running
Process Start Time : 25-07-2026 23:38:58
CPU Usage : 0.00 %
Memory Usage : 0.09 %
----------------------------------------------------------------------
PID : 2088
Process Name : svchost.exe
User Name : NT AUTHORITY\SYSTEM
Status : running
Process Start Time : 25-07-2026 23:38:58
CPU Usage : 0.00 %
Memory Usage : 0.12 %
----------------------------------------------------------------------
PID : 2116
Process Name : MemCompression
User Name : NT AUTHORITY\SYSTEM
Status : running
Process Start Time : 25-07-2026 23:38:58
CPU Usage : 0.00 %
Memory Usage : 4.30 %
----------------------------------------------------------------------
PID : 2176
Process Name : svchost.exe
User Name : NT AUTHORITY\SYSTEM
Status : running
Process Start Time : 25-07-2026 23:38:58
CPU Usage : 0.00 %
Memory Usage : 0.27 %
----------------------------------------------------------------------
PID : 2216
Process Name : igfxCUIService.exe
User Name : NT AUTHORITY\SYSTEM
Status : running
Process Start Time : 25-07-2026 23:38:58
CPU Usage : 0.00 %
Memory Usage : 0.10 %
----------------------------------------------------------------------
PID : 2292
Process Name : svchost.exe
User Name : NT AUTHORITY\SYSTEM
Status : running
Process Start Time : 25-07-2026 23:38:58
CPU Usage : 0.00 %
Memory Usage : 0.09 %
----------------------------------------------------------------------
PID : 2300
Process Name : svchost.exe
User Name : NT AUTHORITY\LOCAL SERVICE
Status : running
Process Start Time : 25-07-2026 23:38:58
CPU Usage : 0.00 %
Memory Usage : 0.10 %
----------------------------------------------------------------------
PID : 2328
Process Name : svchost.exe
User Name : NT AUTHORITY\NETWORK SERVICE
Status : running
Process Start Time : 25-07-2026 23:38:59
CPU Usage : 0.00 %
Memory Usage : 0.15 %
----------------------------------------------------------------------
PID : 2432
Process Name : svchost.exe
User Name : NT AUTHORITY\LOCAL SERVICE
Status : running
Process Start Time : 25-07-2026 23:38:59
CPU Usage : 0.00 %
Memory Usage : 0.08 %
----------------------------------------------------------------------
PID : 2468
Process Name : svchost.exe
User Name : NT AUTHORITY\LOCAL SERVICE
Status : running
Process Start Time : 25-07-2026 23:38:59
CPU Usage : 0.00 %
Memory Usage : 0.14 %
----------------------------------------------------------------------
PID : 2532
Process Name : ZVMOUNT.EXE
User Name : DESKTOP-FIK5SPH\Administrator
Status : running
Process Start Time : 30-07-2026 16:36:18
CPU Usage : 0.00 %
Memory Usage : 0.14 %
----------------------------------------------------------------------
PID : 2544
Process Name : svchost.exe
User Name : NT AUTHORITY\SYSTEM
Status : running
Process Start Time : 30-07-2026 19:49:09
CPU Usage : 0.00 %
Memory Usage : 0.27 %
----------------------------------------------------------------------
PID : 2552
Process Name : pet.exe
User Name : DESKTOP-FIK5SPH\Administrator
Status : running
Process Start Time : 30-07-2026 17:26:23
CPU Usage : 0.00 %
Memory Usage : 0.07 %
----------------------------------------------------------------------
PID : 2584
Process Name : svchost.exe
User Name : NT AUTHORITY\LOCAL SERVICE
Status : running
Process Start Time : 25-07-2026 23:38:59
CPU Usage : 0.00 %
Memory Usage : 0.19 %
----------------------------------------------------------------------
PID : 2688
Process Name : RtkAudioService64.exe
User Name : NT AUTHORITY\SYSTEM
Status : running
Process Start Time : 25-07-2026 23:38:59
CPU Usage : 0.00 %
Memory Usage : 0.11 %
----------------------------------------------------------------------
PID : 2792
Process Name : svchost.exe
User Name : NT AUTHORITY\LOCAL SERVICE
Status : running
Process Start Time : 25-07-2026 23:39:00
CPU Usage : 0.00 %
Memory Usage : 0.08 %
----------------------------------------------------------------------
PID : 2800
Process Name : svchost.exe
User Name : NT AUTHORITY\LOCAL SERVICE
Status : running
Process Start Time : 25-07-2026 23:39:00
CPU Usage : 0.00 %
Memory Usage : 0.12 %
----------------------------------------------------------------------
PID : 2808
Process Name : svchost.exe
User Name : NT AUTHORITY\NETWORK SERVICE
Status : running
Process Start Time : 25-07-2026 23:39:00
CPU Usage : 0.00 %
Memory Usage : 0.11 %
----------------------------------------------------------------------
PID : 2980
Process Name : svchost.exe
User Name : NT AUTHORITY\SYSTEM
Status : running
Process Start Time : 25-07-2026 23:39:02
CPU Usage : 0.00 %
Memory Usage : 0.24 %
----------------------------------------------------------------------
PID : 2984
Process Name : Code.exe
User Name : DESKTOP-FIK5SPH\Administrator
Status : running
Process Start Time : 30-07-2026 17:26:08
CPU Usage : 0.00 %
Memory Usage : 0.32 %
----------------------------------------------------------------------
PID : 3008
Process Name : RuntimeBroker.exe
User Name : DESKTOP-FIK5SPH\Administrator
Status : running
Process Start Time : 30-07-2026 16:36:24
CPU Usage : 0.00 %
Memory Usage : 0.12 %
----------------------------------------------------------------------
PID : 3068
Process Name : svchost.exe
User Name : NT AUTHORITY\SYSTEM
Status : running
Process Start Time : 25-07-2026 23:39:01
CPU Usage : 0.00 %
Memory Usage : 0.26 %
----------------------------------------------------------------------
PID : 3152
Process Name : spoolsv.exe
User Name : NT AUTHORITY\SYSTEM
Status : running
Process Start Time : 25-07-2026 23:39:02
CPU Usage : 0.00 %
Memory Usage : 0.16 %
----------------------------------------------------------------------
PID : 3196
Process Name : svchost.exe
User Name : NT AUTHORITY\LOCAL SERVICE
Status : running
Process Start Time : 25-07-2026 23:39:02
CPU Usage : 0.00 %
Memory Usage : 0.24 %
----------------------------------------------------------------------
PID : 3228
Process Name : svchost.exe
User Name : NT AUTHORITY\NETWORK SERVICE
Status : running
Process Start Time : 25-07-2026 23:39:02
CPU Usage : 0.00 %
Memory Usage : 0.09 %
----------------------------------------------------------------------
PID : 3324
Process Name : python.exe
User Name : DESKTOP-FIK5SPH\Administrator
Status : running
Process Start Time : 30-07-2026 19:57:31
CPU Usage : 0.00 %
Memory Usage : 0.22 %
----------------------------------------------------------------------
PID : 3400
Process Name : svchost.exe
User Name : NT AUTHORITY\SYSTEM
Status : running
Process Start Time : 25-07-2026 23:39:02
CPU Usage : 0.00 %
Memory Usage : 0.51 %
----------------------------------------------------------------------
PID : 3408
Process Name : APCONSVC.EXE
User Name : NT AUTHORITY\SYSTEM
Status : running
Process Start Time : 25-07-2026 23:39:02
CPU Usage : 0.00 %
Memory Usage : 0.31 %
----------------------------------------------------------------------
PID : 3424
Process Name : GoogleInputService.exe
User Name : NT AUTHORITY\SYSTEM
Status : running
Process Start Time : 25-07-2026 23:39:02
CPU Usage : 0.00 %
Memory Usage : 0.07 %
----------------------------------------------------------------------
PID : 3456
Process Name : svchost.exe
User Name : NT AUTHORITY\NETWORK SERVICE
Status : running
Process Start Time : 25-07-2026 23:39:02
CPU Usage : 0.00 %
Memory Usage : 0.19 %
----------------------------------------------------------------------
PID : 3488
Process Name : OneApp.IGCC.WinService.exe
User Name : NT AUTHORITY\SYSTEM
Status : running
Process Start Time : 25-07-2026 23:39:02
CPU Usage : 0.00 %
Memory Usage : 0.31 %
----------------------------------------------------------------------
PID : 3560
Process Name : svchost.exe
User Name : NT AUTHORITY\SYSTEM
Status : running
Process Start Time : 25-07-2026 23:41:17
CPU Usage : 0.00 %
Memory Usage : 0.22 %
----------------------------------------------------------------------
PID : 3564
Process Name : svchost.exe
User Name : NT AUTHORITY\SYSTEM
Status : running
Process Start Time : 25-07-2026 23:39:02
CPU Usage : 0.00 %
Memory Usage : 0.31 %
----------------------------------------------------------------------
PID : 3664
Process Name : SafeExamBrowser.Service.exe
User Name : NT AUTHORITY\SYSTEM
Status : running
Process Start Time : 25-07-2026 23:39:03
CPU Usage : 0.00 %
Memory Usage : 0.31 %
----------------------------------------------------------------------
PID : 3672
Process Name : NPBKPSRV.EXE
User Name : NT AUTHORITY\SYSTEM
Status : running
Process Start Time : 25-07-2026 23:39:03
CPU Usage : 0.00 %
Memory Usage : 0.08 %
----------------------------------------------------------------------
PID : 3696
Process Name : NPProt.exe
User Name : NT AUTHORITY\SYSTEM
Status : running
Process Start Time : 25-07-2026 23:39:03
CPU Usage : 0.00 %
Memory Usage : 0.05 %
----------------------------------------------------------------------
PID : 3712
Process Name : MpDefenderCoreService.exe
User Name : NT AUTHORITY\SYSTEM
Status : running
Process Start Time : 25-07-2026 23:39:03
CPU Usage : 0.00 %
Memory Usage : 0.22 %
----------------------------------------------------------------------
PID : 3732
Process Name : LMS.exe
User Name : NT AUTHORITY\SYSTEM
Status : running
Process Start Time : 25-07-2026 23:39:03
CPU Usage : 0.00 %
Memory Usage : 0.11 %
----------------------------------------------------------------------
PID : 3740
Process Name : svchost.exe
User Name : NT AUTHORITY\SYSTEM
Status : running
Process Start Time : 25-07-2026 23:39:03
CPU Usage : 0.00 %
Memory Usage : 0.12 %
----------------------------------------------------------------------
PID : 3776
Process Name : OSPPSVC.EXE
User Name : NT AUTHORITY\NETWORK SERVICE
Status : running
Process Start Time : 25-07-2026 23:39:03
CPU Usage : 0.00 %
Memory Usage : 0.15 %
----------------------------------------------------------------------
PID : 3784
Process Name : svchost.exe
User Name : NT AUTHORITY\LOCAL SERVICE
Status : running
Process Start Time : 25-07-2026 23:39:03
CPU Usage : 0.00 %
Memory Usage : 0.07 %
----------------------------------------------------------------------
PID : 3812
Process Name : Service_KMS.exe
User Name : NT AUTHORITY\SYSTEM
Status : running
Process Start Time : 25-07-2026 23:39:03
CPU Usage : 0.00 %
Memory Usage : 0.34 %
----------------------------------------------------------------------
PID : 3824
Process Name : RtkBtManServ.exe
User Name : NT AUTHORITY\SYSTEM
Status : running
Process Start Time : 25-07-2026 23:39:03
CPU Usage : 0.00 %
Memory Usage : 0.08 %
----------------------------------------------------------------------
PID : 3836
Process Name : NP2022AB.EXE
User Name : NT AUTHORITY\SYSTEM
Status : running
Process Start Time : 25-07-2026 23:39:03
CPU Usage : 0.00 %
Memory Usage : 0.09 %
----------------------------------------------------------------------
PID : 3852
Process Name : svchost.exe
User Name : NT AUTHORITY\SYSTEM
Status : running
Process Start Time : 25-07-2026 23:39:03
CPU Usage : 0.00 %
Memory Usage : 0.13 %
----------------------------------------------------------------------
PID : 3880
Process Name : svchost.exe
User Name : NT AUTHORITY\LOCAL SERVICE
Status : running
Process Start Time : 25-07-2026 23:39:03
CPU Usage : 0.00 %
Memory Usage : 0.10 %
----------------------------------------------------------------------
PID : 3904
Process Name : SynTPEnhService.exe
User Name : NT AUTHORITY\SYSTEM
Status : running
Process Start Time : 25-07-2026 23:39:03
CPU Usage : 0.00 %
Memory Usage : 0.06 %
----------------------------------------------------------------------
PID : 3912
Process Name : svchost.exe
User Name : NT AUTHORITY\SYSTEM
Status : running
Process Start Time : 25-07-2026 23:39:03
CPU Usage : 0.00 %
Memory Usage : 0.06 %
----------------------------------------------------------------------
PID : 3956
Process Name : MsMpEng.exe
User Name : NT AUTHORITY\SYSTEM
Status : running
Process Start Time : 25-07-2026 23:39:03
CPU Usage : 0.00 %
Memory Usage : 1.00 %
----------------------------------------------------------------------
PID : 4060
Process Name : svchost.exe
User Name : NT AUTHORITY\SYSTEM
Status : running
Process Start Time : 25-07-2026 23:39:03
CPU Usage : 0.00 %
Memory Usage : 0.28 %
----------------------------------------------------------------------
PID : 4132
Process Name : svchost.exe
User Name : NT AUTHORITY\SYSTEM
Status : running
Process Start Time : 25-07-2026 23:39:04
CPU Usage : 0.00 %
Memory Usage : 0.19 %
----------------------------------------------------------------------
PID : 4176
Process Name : XtuService.exe
User Name : NT AUTHORITY\SYSTEM
Status : running
Process Start Time : 25-07-2026 23:39:03
CPU Usage : 0.00 %
Memory Usage : 0.47 %
----------------------------------------------------------------------
PID : 4240
Process Name : svchost.exe
User Name : NT AUTHORITY\LOCAL SERVICE
Status : running
Process Start Time : 25-07-2026 23:41:17
CPU Usage : 0.00 %
Memory Usage : 0.24 %
----------------------------------------------------------------------
PID : 4404
Process Name : jhi_service.exe
User Name : NT AUTHORITY\SYSTEM
Status : running
Process Start Time : 25-07-2026 23:39:03
CPU Usage : 0.00 %
Memory Usage : 0.06 %
----------------------------------------------------------------------
PID : 4860
Process Name : svchost.exe
User Name : NT AUTHORITY\SYSTEM
Status : running
Process Start Time : 25-07-2026 23:39:03
CPU Usage : 0.00 %
Memory Usage : 0.07 %
----------------------------------------------------------------------
PID : 4968
Process Name : NisSrv.exe
User Name : NT AUTHORITY\LOCAL SERVICE
Status : running
Process Start Time : 25-07-2026 23:46:10
CPU Usage : 0.00 %
Memory Usage : 0.12 %
----------------------------------------------------------------------
PID : 5320
Process Name : SearchIndexer.exe
User Name : NT AUTHORITY\SYSTEM
Status : running
Process Start Time : 25-07-2026 23:39:07
CPU Usage : 0.00 %
Memory Usage : 0.43 %
----------------------------------------------------------------------
PID : 5440
Process Name : SynTPHelper.exe
User Name : DESKTOP-FIK5SPH\Administrator
Status : running
Process Start Time : 30-07-2026 16:35:58
CPU Usage : 0.00 %
Memory Usage : 0.06 %
----------------------------------------------------------------------
PID : 5492
Process Name : NPHOST.EXE
User Name : NT AUTHORITY\SYSTEM
Status : running
Process Start Time : 27-07-2026 01:26:18
CPU Usage : 0.00 %
Memory Usage : 0.27 %
----------------------------------------------------------------------
PID : 5856
Process Name : RtkNGUI64.exe
User Name : DESKTOP-FIK5SPH\Administrator
Status : running
Process Start Time : 30-07-2026 16:36:17
CPU Usage : 0.00 %
Memory Usage : 0.17 %
----------------------------------------------------------------------
PID : 5896
Process Name : svchost.exe
User Name : NT AUTHORITY\LOCAL SERVICE
Status : running
Process Start Time : 25-07-2026 23:39:10
CPU Usage : 0.00 %
Memory Usage : 0.10 %
----------------------------------------------------------------------
PID : 5920
Process Name : dllhost.exe
User Name : NT AUTHORITY\SYSTEM
Status : running
Process Start Time : 25-07-2026 23:39:10
CPU Usage : 0.00 %
Memory Usage : 0.14 %
----------------------------------------------------------------------
PID : 6084
Process Name : msedgewebview2.exe
User Name : DESKTOP-FIK5SPH\Administrator
Status : stopped
Process Start Time : 30-07-2026 17:16:13
CPU Usage : 0.00 %
Memory Usage : 0.64 %
----------------------------------------------------------------------
PID : 6348
Process Name : ctfmon.exe
User Name : DESKTOP-FIK5SPH\Administrator
Status : running
Process Start Time : 30-07-2026 16:35:59
CPU Usage : 0.00 %
Memory Usage : 0.26 %
----------------------------------------------------------------------
PID : 6440
Process Name : WmiPrvSE.exe
User Name : NT AUTHORITY\SYSTEM
Status : running
Process Start Time : 25-07-2026 23:39:26
CPU Usage : 0.00 %
Memory Usage : 0.56 %
----------------------------------------------------------------------
PID : 6500
Process Name : EMON.EXE
User Name : NT AUTHORITY\SYSTEM
Status : running
Process Start Time : 25-07-2026 23:39:22
CPU Usage : 0.00 %
Memory Usage : 0.20 %
----------------------------------------------------------------------
PID : 6620
Process Name : AggregatorHost.exe
User Name : NT AUTHORITY\SYSTEM
Status : running
Process Start Time : 25-07-2026 23:39:23
CPU Usage : 0.00 %
Memory Usage : 0.11 %
----------------------------------------------------------------------
PID : 6740
Process Name : svchost.exe
User Name : NT AUTHORITY\SYSTEM
Status : running
Process Start Time : 25-07-2026 23:41:45
CPU Usage : 0.00 %
Memory Usage : 0.07 %
----------------------------------------------------------------------
PID : 6840
Process Name : svchost.exe
User Name : NT AUTHORITY\SYSTEM
Status : running
Process Start Time : 26-07-2026 19:41:55
CPU Usage : 0.00 %
Memory Usage : 0.15 %
----------------------------------------------------------------------
PID : 6908
Process Name : svchost.exe
User Name : NT AUTHORITY\NETWORK SERVICE
Status : running
Process Start Time : 25-07-2026 23:39:23
CPU Usage : 0.00 %
Memory Usage : 0.09 %
----------------------------------------------------------------------
PID : 8052
Process Name : svchost.exe
User Name : NT AUTHORITY\SYSTEM
Status : running
Process Start Time : 25-07-2026 23:41:39
CPU Usage : 0.00 %
Memory Usage : 0.11 %
----------------------------------------------------------------------
PID : 8064
Process Name : ZVCMD64.EXE
User Name : NT AUTHORITY\SYSTEM
Status : running
Process Start Time : 25-07-2026 23:39:51
CPU Usage : 0.00 %
Memory Usage : 0.07 %
----------------------------------------------------------------------
PID : 8076
Process Name : conhost.exe
User Name : NT AUTHORITY\SYSTEM
Status : running
Process Start Time : 25-07-2026 23:39:51
CPU Usage : 0.00 %
Memory Usage : 0.06 %
----------------------------------------------------------------------
PID : 8348
Process Name : dllhost.exe
User Name : DESKTOP-FIK5SPH\Administrator
Status : running
Process Start Time : 30-07-2026 17:16:06
CPU Usage : 0.00 %
Memory Usage : 0.15 %
----------------------------------------------------------------------
PID : 8356
Process Name : svchost.exe
User Name : NT AUTHORITY\SYSTEM
Status : running
Process Start Time : 25-07-2026 23:41:36
CPU Usage : 0.00 %
Memory Usage : 0.13 %
----------------------------------------------------------------------
PID : 8848
Process Name : AnyDesk.exe
User Name : DESKTOP-FIK5SPH\Administrator
Status : running
Process Start Time : 30-07-2026 16:36:22
CPU Usage : 0.00 %
Memory Usage : 0.20 %
----------------------------------------------------------------------
PID : 9020
Process Name : powershell.exe
User Name : DESKTOP-FIK5SPH\Administrator
Status : running
Process Start Time : 30-07-2026 17:26:26
CPU Usage : 0.00 %
Memory Usage : 0.60 %
----------------------------------------------------------------------
PID : 9052
Process Name : SecurityHealthService.exe
User Name : NT AUTHORITY\SYSTEM
Status : running
Process Start Time : 25-07-2026 23:41:35
CPU Usage : 0.00 %
Memory Usage : 0.21 %
----------------------------------------------------------------------
PID : 9068
Process Name : Code.exe
User Name : DESKTOP-FIK5SPH\Administrator
Status : running
Process Start Time : 30-07-2026 17:26:08
CPU Usage : 0.00 %
Memory Usage : 3.64 %
----------------------------------------------------------------------
PID : 9376
Process Name : svchost.exe
User Name : NT AUTHORITY\LOCAL SERVICE
Status : running
Process Start Time : 25-07-2026 23:41:49
CPU Usage : 0.00 %
Memory Usage : 0.12 %
----------------------------------------------------------------------
PID : 9648
Process Name : svchost.exe
User Name : NT AUTHORITY\SYSTEM
Status : running
Process Start Time : 25-07-2026 23:41:41
CPU Usage : 0.00 %
Memory Usage : 0.14 %
----------------------------------------------------------------------
PID : 9760
Process Name : svchost.exe
User Name : NT AUTHORITY\NETWORK SERVICE
Status : running
Process Start Time : 30-07-2026 19:22:19
CPU Usage : 0.00 %
Memory Usage : 0.23 %
----------------------------------------------------------------------
PID : 9924
Process Name : msedgewebview2.exe
User Name : DESKTOP-FIK5SPH\Administrator
Status : stopped
Process Start Time : 30-07-2026 17:16:13
CPU Usage : 0.00 %
Memory Usage : 0.54 %
----------------------------------------------------------------------
PID : 9936
Process Name : svchost.exe
User Name : NT AUTHORITY\SYSTEM
Status : running
Process Start Time : 26-07-2026 02:27:43
CPU Usage : 0.00 %
Memory Usage : 0.24 %
----------------------------------------------------------------------
PID : 10024
Process Name : cmd.exe
User Name : DESKTOP-FIK5SPH\Administrator
Status : running
Process Start Time : 30-07-2026 17:51:12
CPU Usage : 0.00 %
Memory Usage : 0.06 %
----------------------------------------------------------------------
PID : 10052
Process Name : svchost.exe
User Name : NT AUTHORITY\SYSTEM
Status : running
Process Start Time : 25-07-2026 23:41:44
CPU Usage : 0.00 %
Memory Usage : 0.28 %
----------------------------------------------------------------------
PID : 10532
Process Name : msedgewebview2.exe
User Name : DESKTOP-FIK5SPH\Administrator
Status : running
Process Start Time : 30-07-2026 16:36:26
CPU Usage : 0.00 %
Memory Usage : 0.12 %
----------------------------------------------------------------------
PID : 10632
Process Name : explorer.exe
User Name : DESKTOP-FIK5SPH\Administrator
Status : running
Process Start Time : 30-07-2026 16:36:00
CPU Usage : 0.00 %
Memory Usage : 2.22 %
----------------------------------------------------------------------
PID : 10960
Process Name : SecurityHealthSystray.exe
User Name : DESKTOP-FIK5SPH\Administrator
Status : running
Process Start Time : 30-07-2026 16:36:17
CPU Usage : 0.00 %
Memory Usage : 0.11 %
----------------------------------------------------------------------
PID : 11008
Process Name : RAVBg64.exe
User Name : NT AUTHORITY\SYSTEM
Status : running
Process Start Time : 30-07-2026 16:35:58
CPU Usage : 0.00 %
Memory Usage : 0.17 %
----------------------------------------------------------------------
PID : 11092
Process Name : MoUsoCoreWorker.exe
User Name : NT AUTHORITY\SYSTEM
Status : running
Process Start Time : 25-07-2026 23:41:49
CPU Usage : 0.00 %
Memory Usage : 0.29 %
----------------------------------------------------------------------
PID : 12008
Process Name : MicrosoftEdgeUpdate.exe
User Name : NT AUTHORITY\SYSTEM
Status : running
Process Start Time : 30-07-2026 19:03:07
CPU Usage : 0.00 %
Memory Usage : 0.47 %
----------------------------------------------------------------------
PID : 12292
Process Name : Code.exe
User Name : DESKTOP-FIK5SPH\Administrator
Status : running
Process Start Time : 30-07-2026 17:26:28
CPU Usage : 0.00 %
Memory Usage : 6.73 %
----------------------------------------------------------------------
PID : 12480
Process Name : UserOOBEBroker.exe
User Name : DESKTOP-FIK5SPH\Administrator
Status : running
Process Start Time : 30-07-2026 16:36:47
CPU Usage : 0.00 %
Memory Usage : 0.12 %
----------------------------------------------------------------------
PID : 12968
Process Name : svchost.exe
User Name : NT AUTHORITY\SYSTEM
Status : running
Process Start Time : 26-07-2026 02:06:04
CPU Usage : 0.00 %
Memory Usage : 0.11 %
----------------------------------------------------------------------
PID : 12972
Process Name : msedgewebview2.exe
User Name : DESKTOP-FIK5SPH\Administrator
Status : running
Process Start Time : 30-07-2026 17:16:12
CPU Usage : 0.00 %
Memory Usage : 0.17 %
----------------------------------------------------------------------
PID : 13100
Process Name : svchost.exe
User Name : NT AUTHORITY\SYSTEM
Status : running
Process Start Time : 30-07-2026 19:55:57
CPU Usage : 0.00 %
Memory Usage : 0.09 %
----------------------------------------------------------------------
PID : 13920
Process Name : OneDrive.exe
User Name : DESKTOP-FIK5SPH\Administrator
Status : running
Process Start Time : 30-07-2026 17:27:56
CPU Usage : 0.00 %
Memory Usage : 0.13 %
----------------------------------------------------------------------
PID : 13968
Process Name : NP2120CL.EXE
User Name : NT AUTHORITY\SYSTEM
Status : running
Process Start Time : 27-07-2026 01:27:12
CPU Usage : 0.00 %
Memory Usage : 0.24 %
----------------------------------------------------------------------
PID : 14108
Process Name : RuntimeBroker.exe
User Name : DESKTOP-FIK5SPH\Administrator
Status : running
Process Start Time : 30-07-2026 16:36:14
CPU Usage : 0.00 %
Memory Usage : 0.23 %
----------------------------------------------------------------------
PID : 14288
Process Name : AnyDesk.exe
User Name : NT AUTHORITY\SYSTEM
Status : running
Process Start Time : 26-07-2026 19:27:28
CPU Usage : 0.00 %
Memory Usage : 0.18 %
----------------------------------------------------------------------
PID : 14408
Process Name : ZVMonNt.exe
User Name : NT AUTHORITY\SYSTEM
Status : running
Process Start Time : 27-07-2026 00:23:28
CPU Usage : 0.00 %
Memory Usage : 0.70 %
----------------------------------------------------------------------
PID : 14460
Process Name : msedgewebview2.exe
User Name : DESKTOP-FIK5SPH\Administrator
Status : running
Process Start Time : 30-07-2026 16:36:27
CPU Usage : 0.00 %
Memory Usage : 0.05 %
----------------------------------------------------------------------
PID : 14584
Process Name : svchost.exe
User Name : NT AUTHORITY\LOCAL SERVICE
Status : running
Process Start Time : 26-07-2026 04:13:46
CPU Usage : 0.00 %
Memory Usage : 0.13 %
----------------------------------------------------------------------
PID : 14912
Process Name : ShellExperienceHost.exe
User Name : DESKTOP-FIK5SPH\Administrator
Status : stopped
Process Start Time : 30-07-2026 17:13:13
CPU Usage : 0.00 %
Memory Usage : 0.68 %
----------------------------------------------------------------------
PID : 15272
Process Name : conhost.exe
User Name : DESKTOP-FIK5SPH\Administrator
Status : running
Process Start Time : 30-07-2026 17:26:23
CPU Usage : 0.00 %
Memory Usage : 0.07 %
----------------------------------------------------------------------
PID : 15708
Process Name : NPAVIDS.EXE
User Name : NT AUTHORITY\SYSTEM
Status : running
Process Start Time : 30-07-2026 17:29:20
CPU Usage : 0.00 %
Memory Usage : 0.14 %
----------------------------------------------------------------------
PID : 15744
Process Name : msedgewebview2.exe
User Name : DESKTOP-FIK5SPH\Administrator
Status : stopped
Process Start Time : 30-07-2026 17:16:13
CPU Usage : 0.00 %
Memory Usage : 0.21 %
----------------------------------------------------------------------
PID : 15860
Process Name : Code.exe
User Name : DESKTOP-FIK5SPH\Administrator
Status : running
Process Start Time : 30-07-2026 17:26:07
CPU Usage : 0.00 %
Memory Usage : 1.42 %
----------------------------------------------------------------------
PID : 16476
Process Name : msedgewebview2.exe
User Name : DESKTOP-FIK5SPH\Administrator
Status : stopped
Process Start Time : 30-07-2026 17:16:11
CPU Usage : 0.00 %
Memory Usage : 1.05 %
----------------------------------------------------------------------
PID : 16564
Process Name : svchost.exe
User Name : NT AUTHORITY\LOCAL SERVICE
Status : running
Process Start Time : 30-07-2026 19:32:42
CPU Usage : 0.00 %
Memory Usage : 0.08 %
----------------------------------------------------------------------
PID : 16584
Process Name : Code.exe
User Name : DESKTOP-FIK5SPH\Administrator
Status : running
Process Start Time : 30-07-2026 17:26:08
CPU Usage : 0.00 %
Memory Usage : 1.44 %
----------------------------------------------------------------------
PID : 16608
Process Name : Code.exe
User Name : DESKTOP-FIK5SPH\Administrator
Status : running
Process Start Time : 30-07-2026 17:26:08
CPU Usage : 0.00 %
Memory Usage : 0.50 %
----------------------------------------------------------------------
PID : 16808
Process Name : svchost.exe
User Name : NT AUTHORITY\SYSTEM
Status : running
Process Start Time : 30-07-2026 19:32:42
CPU Usage : 0.00 %
Memory Usage : 0.08 %
----------------------------------------------------------------------
PID : 17028
Process Name : RuntimeBroker.exe
User Name : DESKTOP-FIK5SPH\Administrator
Status : running
Process Start Time : 30-07-2026 16:36:04
CPU Usage : 0.00 %
Memory Usage : 0.38 %
----------------------------------------------------------------------
PID : 17048
Process Name : conhost.exe
User Name : NT AUTHORITY\SYSTEM
Status : running
Process Start Time : 27-07-2026 01:27:12
CPU Usage : 0.00 %
Memory Usage : 0.07 %
----------------------------------------------------------------------
PID : 17108
Process Name : conhost.exe
User Name : DESKTOP-FIK5SPH\Administrator
Status : running
Process Start Time : 30-07-2026 17:51:12
CPU Usage : 0.00 %
Memory Usage : 0.24 %
----------------------------------------------------------------------
PID : 17116
Process Name : SynTPEnh.exe
User Name : DESKTOP-FIK5SPH\Administrator
Status : running
Process Start Time : 30-07-2026 16:35:58
CPU Usage : 0.00 %
Memory Usage : 0.26 %
----------------------------------------------------------------------
PID : 17572
Process Name : conhost.exe
User Name : DESKTOP-FIK5SPH\Administrator
Status : running
Process Start Time : 30-07-2026 17:26:25
CPU Usage : 0.00 %
Memory Usage : 0.07 %
----------------------------------------------------------------------
PID : 17636
Process Name : taskhostw.exe
User Name : DESKTOP-FIK5SPH\Administrator
Status : running
Process Start Time : 30-07-2026 16:35:59
CPU Usage : 0.00 %
Memory Usage : 0.22 %
----------------------------------------------------------------------
PID : 17912
Process Name : Code.exe
User Name : DESKTOP-FIK5SPH\Administrator
Status : running
Process Start Time : 30-07-2026 17:26:10
CPU Usage : 0.00 %
Memory Usage : 2.27 %
----------------------------------------------------------------------
PID : 17940
Process Name : OneDrive.Sync.Service.exe
User Name : DESKTOP-FIK5SPH\Administrator
Status : running
Process Start Time : 30-07-2026 17:27:57
CPU Usage : 0.00 %
Memory Usage : 0.08 %
----------------------------------------------------------------------
PID : 18124
Process Name : StartMenuExperienceHost.exe
User Name : DESKTOP-FIK5SPH\Administrator
Status : running
Process Start Time : 30-07-2026 16:36:03
CPU Usage : 0.00 %
Memory Usage : 0.99 %
----------------------------------------------------------------------
PID : 18352
Process Name : winlogon.exe
User Name : NT AUTHORITY\SYSTEM
Status : running
Process Start Time : 30-07-2026 00:29:13
CPU Usage : 0.00 %
Memory Usage : 0.13 %
----------------------------------------------------------------------
PID : 18492
Process Name : msedgewebview2.exe
User Name : DESKTOP-FIK5SPH\Administrator
Status : running
Process Start Time : 30-07-2026 17:13:30
CPU Usage : 0.00 %
Memory Usage : 5.57 %
----------------------------------------------------------------------
PID : 18576
Process Name : msedgewebview2.exe
User Name : DESKTOP-FIK5SPH\Administrator
Status : running
Process Start Time : 30-07-2026 16:36:27
CPU Usage : 0.00 %
Memory Usage : 0.30 %
----------------------------------------------------------------------
PID : 18844
Process Name : ApplicationFrameHost.exe
User Name : DESKTOP-FIK5SPH\Administrator
Status : running
Process Start Time : 30-07-2026 16:36:46
CPU Usage : 0.00 %
Memory Usage : 0.33 %
----------------------------------------------------------------------
PID : 18960
Process Name : svchost.exe
User Name : NT AUTHORITY\LOCAL SERVICE
Status : running
Process Start Time : 30-07-2026 16:34:52
CPU Usage : 0.00 %
Memory Usage : 0.10 %
----------------------------------------------------------------------
PID : 18964
Process Name : svchost.exe
User Name : DESKTOP-FIK5SPH\Administrator
Status : running
Process Start Time : 30-07-2026 16:36:02
CPU Usage : 0.00 %
Memory Usage : 0.27 %
----------------------------------------------------------------------
PID : 18968
Process Name : sihost.exe
User Name : DESKTOP-FIK5SPH\Administrator
Status : running
Process Start Time : 30-07-2026 16:35:59
CPU Usage : 0.00 %
Memory Usage : 0.32 %
----------------------------------------------------------------------
PID : 18992
Process Name : EMAILSCN.EXE
User Name : DESKTOP-FIK5SPH\Administrator
Status : running
Process Start Time : 30-07-2026 19:53:50
CPU Usage : 0.00 %
Memory Usage : 0.21 %
----------------------------------------------------------------------
PID : 19656
Process Name : SystemSettings.exe
User Name : DESKTOP-FIK5SPH\Administrator
Status : stopped
Process Start Time : 30-07-2026 16:36:46
CPU Usage : 0.00 %
Memory Usage : 0.02 %
----------------------------------------------------------------------
PID : 19736
Process Name : Code.exe
User Name : DESKTOP-FIK5SPH\Administrator
Status : running
Process Start Time : 30-07-2026 17:26:24
CPU Usage : 0.00 %
Memory Usage : 1.03 %
----------------------------------------------------------------------
PID : 19912
Process Name : svchost.exe
User Name : NT AUTHORITY\LOCAL SERVICE
Status : running
Process Start Time : 30-07-2026 19:32:42
CPU Usage : 0.00 %
Memory Usage : 0.29 %
----------------------------------------------------------------------
PID : 20032
Process Name : GoogleInputHandler.exe
User Name : DESKTOP-FIK5SPH\Administrator
Status : running
Process Start Time : 30-07-2026 16:35:58
CPU Usage : 0.00 %
Memory Usage : 0.03 %
----------------------------------------------------------------------
PID : 20060
Process Name : Code.exe
User Name : DESKTOP-FIK5SPH\Administrator
Status : running
Process Start Time : 30-07-2026 17:26:11
CPU Usage : 0.00 %
Memory Usage : 1.00 %
----------------------------------------------------------------------
PID : 20408
Process Name : svchost.exe
User Name : NT AUTHORITY\SYSTEM
Status : running
Process Start Time : 30-07-2026 18:58:33
CPU Usage : 0.00 %
Memory Usage : 0.14 %
----------------------------------------------------------------------
PID : 20508
Process Name : igfxEM.exe
User Name : DESKTOP-FIK5SPH\Administrator
Status : running
Process Start Time : 30-07-2026 16:35:59
CPU Usage : 0.00 %
Memory Usage : 0.17 %
----------------------------------------------------------------------
PID : 20544
Process Name : CompPkgSrv.exe
User Name : DESKTOP-FIK5SPH\Administrator
Status : running
Process Start Time : 30-07-2026 17:15:43
CPU Usage : 0.00 %
Memory Usage : 0.10 %
----------------------------------------------------------------------
PID : 20852
Process Name : msedgewebview2.exe
User Name : DESKTOP-FIK5SPH\Administrator
Status : running
Process Start Time : 30-07-2026 16:36:27
CPU Usage : 0.00 %
Memory Usage : 0.85 %
----------------------------------------------------------------------
PID : 20868
Process Name : svchost.exe
User Name : DESKTOP-FIK5SPH\Administrator
Status : running
Process Start Time : 30-07-2026 16:35:59
CPU Usage : 0.00 %
Memory Usage : 0.26 %
----------------------------------------------------------------------
PID : 21160
Process Name : fontdrvhost.exe
User Name : Font Driver Host\UMFD-13
Status : running
Process Start Time : 30-07-2026 00:29:13
CPU Usage : 0.00 %
Memory Usage : 0.06 %
----------------------------------------------------------------------
PID : 21200
Process Name : Code.exe
User Name : DESKTOP-FIK5SPH\Administrator
Status : running
Process Start Time : 30-07-2026 17:26:11
CPU Usage : 0.00 %
Memory Usage : 1.08 %
----------------------------------------------------------------------
PID : 21296
Process Name : RuntimeBroker.exe
User Name : DESKTOP-FIK5SPH\Administrator
Status : running
Process Start Time : 30-07-2026 17:13:13
CPU Usage : 0.00 %
Memory Usage : 0.19 %
----------------------------------------------------------------------
PID : 21352
Process Name : TextInputHost.exe
User Name : DESKTOP-FIK5SPH\Administrator
Status : running
Process Start Time : 30-07-2026 16:37:33
CPU Usage : 0.00 %
Memory Usage : 0.56 %
----------------------------------------------------------------------
PID : 21404
Process Name : dwm.exe
User Name : Window Manager\DWM-13
Status : running
Process Start Time : 30-07-2026 00:29:13
CPU Usage : 0.00 %
Memory Usage : 0.83 %
----------------------------------------------------------------------
PID : 21724
Process Name : msedgewebview2.exe
User Name : DESKTOP-FIK5SPH\Administrator
Status : running
Process Start Time : 30-07-2026 16:36:26
CPU Usage : 0.00 %
Memory Usage : 1.10 %
----------------------------------------------------------------------
PID : 21824
Process Name : svchost.exe
User Name : DESKTOP-FIK5SPH\Administrator
Status : running
Process Start Time : 30-07-2026 16:36:04
CPU Usage : 0.00 %
Memory Usage : 0.32 %
----------------------------------------------------------------------
PID : 22068
Process Name : WmiPrvSE.exe
User Name : NT AUTHORITY\LOCAL SERVICE
Status : running
Process Start Time : 30-07-2026 19:33:07
CPU Usage : 0.00 %
Memory Usage : 0.16 %
----------------------------------------------------------------------
PID : 22180
Process Name : WhatsApp.Root.exe
User Name : DESKTOP-FIK5SPH\Administrator
Status : running
Process Start Time : 30-07-2026 16:36:20
CPU Usage : 0.00 %
Memory Usage : 2.61 %
----------------------------------------------------------------------
PID : 22572
Process Name : WmiPrvSE.exe
User Name : NT AUTHORITY\NETWORK SERVICE
Status : running
Process Start Time : 30-07-2026 19:55:57
CPU Usage : 0.00 %
Memory Usage : 0.13 %
----------------------------------------------------------------------
PID : 22764
Process Name : RuntimeBroker.exe
User Name : DESKTOP-FIK5SPH\Administrator
Status : running
Process Start Time : 30-07-2026 16:36:05
CPU Usage : 0.00 %
Memory Usage : 0.48 %
----------------------------------------------------------------------
PID : 22888
Process Name : svchost.exe
User Name : DESKTOP-FIK5SPH\Administrator
Status : running
Process Start Time : 30-07-2026 16:35:59
CPU Usage : 0.00 %
Memory Usage : 0.40 %
----------------------------------------------------------------------
PID : 22980
Process Name : csrss.exe
User Name : NT AUTHORITY\SYSTEM
Status : running
Process Start Time : 30-07-2026 00:29:13
CPU Usage : 0.00 %
Memory Usage : 0.08 %
----------------------------------------------------------------------
PID : 22988
Process Name : SearchApp.exe
User Name : DESKTOP-FIK5SPH\Administrator
Status : stopped
Process Start Time : 30-07-2026 17:16:10
CPU Usage : 0.00 %
Memory Usage : 0.78 %
----------------------------------------------------------------------
PID : 23008
Process Name : msedgewebview2.exe
User Name : DESKTOP-FIK5SPH\Administrator
Status : stopped
Process Start Time : 30-07-2026 17:16:13
CPU Usage : 0.00 %
Memory Usage : 0.40 %
----------------------------------------------------------------------
PID : 23260
Process Name : msedgewebview2.exe
User Name : DESKTOP-FIK5SPH\Administrator
Status : running
Process Start Time : 30-07-2026 17:15:42
CPU Usage : 0.00 %
Memory Usage : 0.06 %
----------------------------------------------------------------------

----------------------------------------------------------------------
End Of Log File
----------------------------------------------------------------------
